lli: TestMaster/output/amir_test47.ll:1:1: error: expected top-level entity
line 3: unexpected break statement
^
