lli: TestMaster/output/my2_26.ll:1:1: error: expected top-level entity
line 2: lexical error
^
