lli: <stdin>:34:1: error: expected instruction opcode
Visiting Assign Node: Assigning to variable 'y'
^
