bow chica bow wow
thats what my baby said
mow mow mow
and my heart starts bumping
