lli: <stdin>:29:1: error: expected instruction opcode
Visiting RelOp Node
^
