lli: <stdin>:28:1: error: expected instruction opcode
Visiting Cast Node
^
