lli: <stdin>:47:1: error: expected instruction opcode
Visiting Assign Node: Assigning to variable 'a'
^
