└──Funcs
    └──FuncDecl
        ├──ID: main
        ├──Type: void
        ├──Formals
        └──Statements
            ├──Call
            │   ├──ID: print
            │   └──ExpList
            │       └──String: 5
            └──Call
                ├──ID: printi
                └──ExpList
                    └──Num: 5
