---begin global scope---
print (string) -> void
printi (int) -> void
main () -> void
try () -> int
try () -> void
  ---begin scope---
  x int 0
  ---end scope---
  ---begin scope---
  ---end scope---
  ---begin scope---
  ---end scope---
---end global scope---
