└──Funcs
    ├──FuncDecl
    │   ├──ID: main
    │   ├──Type: void
    │   ├──Formals
    │   └──Statements
    │       └──If
    │           ├──ID: isOk
    │           └──Call
    │               ├──ID: print
    │               └──ExpList
    │                   └──String: ok
    └──FuncDecl
        ├──ID: printOK
        ├──Type: void
        ├──Formals
        └──Statements
            ├──VarDecl
            │   ├──ID: x
            │   ├──Type: int
            │   └──Num: 4
            ├──VarDecl
            │   ├──ID: y
            │   ├──Type: byte
            │   └──NumB: 100
            └──VarDecl
                ├──ID: z
                └──Type: int
