└──Funcs
    ├──FuncDecl
    │   ├──ID: returnByte
    │   ├──Type: int
    │   ├──Formals
    │   └──Statements
    │       ├──VarDecl
    │       │   ├──ID: b
    │       │   ├──Type: byte
    │       │   └──Num: 10
    │       └──Return
    │           └──ID: b
    └──FuncDecl
        ├──ID: main
        ├──Type: void
        ├──Formals
        └──Statements
            └──VarDecl
                ├──ID: result
                ├──Type: int
                └──Call
                    ├──ID: returnByte
                    └──ExpList
