---begin global scope---
print (string) -> void
printi (int) -> void
main () -> void
hey (bool) -> void
printOk (bool) -> void
hey (bool) -> void
  ---begin scope---
  x int 0
  ---end scope---
  ---begin scope---
  isOk bool -1
  i int 0
  ---end scope---
  ---begin scope---
  isOk bool -1
  i int 0
  ---end scope---
  ---begin scope---
  isOk bool -1
  i int 0
  ---end scope---
---end global scope---
