---begin global scope---
print (string) -> void
printi (int) -> void
main () -> void
x (int,bool) -> int
  ---begin scope---
  ---end scope---
  ---begin scope---
  a int 22001
  b bool 22000
  c int 0
  ---end scope---
---end global scope---
