└──Funcs
    └──FuncDecl
        ├──ID: main
        ├──Type: void
        ├──Formals
        └──Statements
            └──Assign
                ├──ID: x
                └──Num: 10
