└──Funcs
    └──FuncDecl
        ├──ID: main
        ├──Type: void
        ├──Formals
        └──Statements
            ├──VarDecl
            │   ├──ID: x
            │   ├──Type: int
            │   └──Num: 5
            ├──VarDecl
            │   ├──ID: y
            │   ├──Type: int
            │   └──Num: 10
            └──If
                ├──RelOp: <
                │   ├──ID: x
                │   └──ID: y
                └──Statements
                    └──Call
                        ├──ID: print
                        └──ExpList
                            └──String: ok
