└──Funcs
    └──FuncDecl
        ├──ID: main
        ├──Type: void
        ├──Formals
        └──Statements
            ├──While
            │   ├──Bool: true
            │   └──Statements
            │       └──Break
            └──Break
