---begin global scope---
print (string) -> void
printi (int) -> void
---end global scope---
