└──Funcs
    └──FuncDecl
        ├──ID: main
        ├──Type: void
        ├──Formals
        └──Statements
            └──VarDecl
                ├──ID: x
                ├──Type: byte
                └──NumB: 300
