└──Funcs
    ├──FuncDecl
    │   ├──ID: add
    │   ├──Type: int
    │   ├──Formals
    │   │   ├──Formal
    │   │   │   ├──ID: y
    │   │   │   └──Type: int
    │   │   └──Formal
    │   │       ├──ID: x
    │   │       └──Type: int
    │   └──Statements
    │       └──Return
    │           └──BinOp: +
    │               ├──ID: x
    │               └──ID: y
    └──FuncDecl
        ├──ID: main
        ├──Type: void
        ├──Formals
        └──Statements
            └──Call
                ├──ID: add
                └──ExpList
                    └──Num: 10
