└──Funcs
    ├──FuncDecl
    │   ├──ID: main
    │   ├──Type: void
    │   ├──Formals
    │   └──Statements
    │       └──Call
    │           ├──ID: print
    │           └──ExpList
    │               └──String: ok
    ├──FuncDecl
    │   ├──ID: foo1
    │   ├──Type: int
    │   ├──Formals
    │   └──Statements
    │       └──Call
    │           ├──ID: print
    │           └──ExpList
    │               └──String: bye
    └──FuncDecl
        ├──ID: foo2
        ├──Type: int
        ├──Formals
        └──Statements
            └──Assign
                ├──ID: foo1
                └──Num: 2
