└──Funcs
    └──FuncDecl
        ├──ID: main
        ├──Type: void
        ├──Formals
        └──Statements
            ├──VarDecl
            │   ├──ID: a
            │   ├──Type: int
            │   └──Num: 10
            └──VarDecl
                ├──ID: a
                ├──Type: int
                └──Num: 20
