---begin global scope---
print (string) -> void
printi (int) -> void
add (int,int) -> int
add (int,int) -> int
main () -> void
try () -> void
  ---begin scope---
  x int -1
  y int -2
  ---end scope---
  ---begin scope---
  a int -1
  b int -2
  ---end scope---
  ---begin scope---
  x int 0
  ---end scope---
  ---begin scope---
  x int 0
  ---end scope---
---end global scope---
