└──Funcs
    ├──FuncDecl
    │   ├──ID: add
    │   ├──Type: int
    │   ├──Formals
    │   │   ├──Formal
    │   │   │   ├──ID: y
    │   │   │   └──Type: int
    │   │   └──Formal
    │   │       ├──ID: x
    │   │       └──Type: int
    │   └──Statements
    │       └──Return
    │           └──BinOp: +
    │               ├──ID: x
    │               └──ID: y
    └──FuncDecl
        ├──ID: main
        ├──Type: void
        ├──Formals
        └──Statements
            ├──VarDecl
            │   ├──ID: b
            │   ├──Type: bool
            │   └──Bool: true
            └──VarDecl
                ├──ID: result
                ├──Type: int
                └──Call
                    ├──ID: add
                    └──ExpList
                        ├──ID: b
                        └──Num: 10
