lli: lli: tests/group/tests/output/t1.ll:67:7: error: use of undefined value '%-22095'
br i1 %-22095, label %label_12, label %label_14
      ^

