Outer loop iteration: 
0
\n
\tInner loop iteration: 
1
\n
\tInner loop iteration: 
2
\n
\tInner loop iteration: 
3
\n
Outer loop iteration: 
1
\n
\tInner loop iteration: 
1
\n
\tInner loop iteration: 
2
\n
\tInner loop iteration: 
3
\n
Outer loop iteration: 
2
\n
\tInner loop iteration: 
1
\n
\tInner loop iteration: 
2
\n
\tInner loop iteration: 
3
\n
Outer loop iteration: 
3
\n
\tInner loop iteration: 
1
\n
\tInner loop iteration: 
2
\n
\tInner loop iteration: 
3
\n
Outer loop iteration: 
4
\n
\tInner loop iteration: 
1
\n
\tInner loop iteration: 
2
\n
\tInner loop iteration: 
3
\n
Outer loop iteration: 
5
\n
\tInner loop iteration: 
1
\n
\tInner loop iteration: 
2
\n
\tInner loop iteration: 
3
\n
Outer loop iteration: 
6
\n
\tInner loop iteration: 
1
\n
\tInner loop iteration: 
2
\n
\tInner loop iteration: 
3
\n
Outer loop iteration: 
7
\n
\tInner loop iteration: 
1
\n
\tInner loop iteration: 
2
\n
\tInner loop iteration: 
3
\n
Outer loop iteration: 
8
\n
\tInner loop iteration: 
1
\n
\tInner loop iteration: 
2
\n
\tInner loop iteration: 
3
\n
Outer loop iteration: 
9
\n
\tInner loop iteration: 
1
\n
\tInner loop iteration: 
2
\n
\tInner loop iteration: 
3
\n
