Result of x + y - 2 * 4 / 2 + 8:  
19
Result of (x + y) * (2 - 4) + 6:  
-24
Result of x * y + 2 - 3 * 5 / 2:  
45
